348380,340992,262616,951988,1056552,749506,507441,2313499,2170646,2732368,3320699,8223713