255,240,236,255,255,242,241,255,253,255,255,255
255,240,236,255,255,242,241,255,253,255,255,255