139.352,136.397,105.046,126.932,105.655,74.951,50.744,77.117,96.473,121.439,147.587,121.833