57.416,47.901,53.235,55.220,68.471,55.735,46.668,61.880,47.462,49.039,67.269,59.130